{"level":"info","time":"2025-03-27T11:44:49.761+0800","linenum":"G:/2025/Shunyu/code/watchman-go/cmd/main.go:172","msg":"WathMan is starting!","servicename":"mabowatchman"}
{"level":"info","time":"2025-03-27T11:45:24.787+0800","linenum":"G:/2025/Shunyu/code/watchman-go/cmd/main.go:265","msg":"modified file:G:\\2025\\test\\abc.txt","servicename":"mabowatchman"}
{"level":"info","time":"2025-03-27T11:45:24.788+0800","linenum":"G:/2025/Shunyu/code/watchman-go/cmd/main.go:268","msg":"G:\\2025\\test\\abc.txt","servicename":"mabowatchman","content":["sdfdf","dfdf"]}
{"level":"info","time":"2025-03-27T11:45:24.887+0800","linenum":"G:/2025/Shunyu/code/watchman-go/cmd/main.go:69","msg":"UDP数据发送成功","servicename":"mabowatchman","filename":"G:\\2025\\test\\abc.txt","content":["sdfdf","dfdf"]}
{"level":"info","time":"2025-03-27T11:47:21.329+0800","linenum":"G:/2025/Shunyu/code/watchman-go/cmd/main.go:265","msg":"modified file:G:\\2025\\test\\abc.txt","servicename":"mabowatchman"}
{"level":"info","time":"2025-03-27T11:47:21.330+0800","linenum":"G:/2025/Shunyu/code/watchman-go/cmd/main.go:268","msg":"G:\\2025\\test\\abc.txt","servicename":"mabowatchman","content":["ade"]}
{"level":"info","time":"2025-03-27T11:47:21.636+0800","linenum":"G:/2025/Shunyu/code/watchman-go/cmd/main.go:69","msg":"UDP数据发送成功","servicename":"mabowatchman","filename":"G:\\2025\\test\\abc.txt","content":["ade"]}
{"level":"info","time":"2025-03-27T11:47:27.754+0800","linenum":"G:/2025/Shunyu/code/watchman-go/cmd/main.go:265","msg":"modified file:G:\\2025\\test\\abc.txt","servicename":"mabowatchman"}
{"level":"info","time":"2025-03-27T11:47:27.755+0800","linenum":"G:/2025/Shunyu/code/watchman-go/cmd/main.go:268","msg":"G:\\2025\\test\\abc.txt","servicename":"mabowatchman","content":["sfsfesf"]}
{"level":"info","time":"2025-03-27T11:47:27.841+0800","linenum":"G:/2025/Shunyu/code/watchman-go/cmd/main.go:69","msg":"UDP数据发送成功","servicename":"mabowatchman","filename":"G:\\2025\\test\\abc.txt","content":["sfsfesf"]}
{"level":"info","time":"2025-03-27T11:48:23.143+0800","linenum":"G:/2025/Shunyu/code/watchman-go/cmd/main.go:265","msg":"modified file:G:\\2025\\test\\abc.txt","servicename":"mabowatchman"}
{"level":"info","time":"2025-03-27T11:48:23.145+0800","linenum":"G:/2025/Shunyu/code/watchman-go/cmd/main.go:268","msg":"G:\\2025\\test\\abc.txt","servicename":"mabowatchman","content":[]}
{"level":"info","time":"2025-03-27T11:48:46.426+0800","linenum":"G:/2025/Shunyu/code/watchman-go/cmd/main.go:265","msg":"modified file:G:\\2025\\test\\abc.txt","servicename":"mabowatchman"}
{"level":"info","time":"2025-03-27T11:48:46.427+0800","linenum":"G:/2025/Shunyu/code/watchman-go/cmd/main.go:268","msg":"G:\\2025\\test\\abc.txt","servicename":"mabowatchman","content":["3lijfslefi"]}
{"level":"info","time":"2025-03-27T11:48:46.559+0800","linenum":"G:/2025/Shunyu/code/watchman-go/cmd/main.go:69","msg":"UDP数据发送成功","servicename":"mabowatchman","filename":"G:\\2025\\test\\abc.txt","content":["3lijfslefi"]}
{"level":"info","time":"2025-03-27T11:49:33.261+0800","linenum":"G:/2025/Shunyu/code/watchman-go/cmd/main.go:172","msg":"WathMan is starting!","servicename":"mabowatchman"}
{"level":"info","time":"2025-03-27T11:49:35.846+0800","linenum":"G:/2025/Shunyu/code/watchman-go/cmd/main.go:181","msg":"Connected MQTT Server:tcp://59.110.157.60:1883","servicename":"mabowatchman"}
{"level":"info","time":"2025-03-27T11:49:49.792+0800","linenum":"G:/2025/Shunyu/code/watchman-go/cmd/main.go:265","msg":"modified file:G:\\2025\\test\\abc.txt","servicename":"mabowatchman"}
{"level":"info","time":"2025-03-27T11:49:49.792+0800","linenum":"G:/2025/Shunyu/code/watchman-go/cmd/main.go:268","msg":"G:\\2025\\test\\abc.txt","servicename":"mabowatchman","content":["333"]}
{"level":"info","time":"2025-03-27T11:49:49.938+0800","linenum":"G:/2025/Shunyu/code/watchman-go/cmd/main.go:97","msg":"MQTT数据发送成功","servicename":"mabowatchman","pubtopic":"test","content":["333"]}
